// Jest Snapshot v1, https://goo.gl/fbAQLP

exports[`MovieContainer should match the snapshot with all data successfully passed 1`] = `
<div
  className="movie-container"
/>
`;
